Nothing to build in platform 'top_level_wrapper'

13:08:52 **** Build of configuration Debug for project hello_world ****
make all 
make --no-print-directory pre-build
a9-linaro-pre-build-step
' '
make --no-print-directory main-build
'Building file: ../src/hello_world.c'
'Invoking: ARM v7 gcc compiler'
arm-none-eabi-gcc -Wall -O0 -g3 -c -fmessage-length=0 -MT"src/hello_world.o" -mcpu=cortex-a9 -mfpu=vfpv3 -mfloat-abi=hard -IC:/Users/schumae/Documents/vitisprj1/top_level_wrapper/export/top_level_wrapper/sw/top_level_wrapper/standalone_ps7_cortexa9_0/bspinclude/include -MMD -MP -MF"src/hello_world.d" -MT"src/hello_world.o" -o "src/hello_world.o" "../src/hello_world.c"
'Finished building: ../src/hello_world.c'
' '
'Building target: hello_world.elf'
'Invoking: ARM v7 gcc linker'
arm-none-eabi-gcc -mcpu=cortex-a9 -mfpu=vfpv3 -mfloat-abi=hard -Wl,-build-id=none -specs=Xilinx.spec -Wl,-T -Wl,../src/lscript.ld -LC:/Users/schumae/Documents/vitisprj1/top_level_wrapper/export/top_level_wrapper/sw/top_level_wrapper/standalone_ps7_cortexa9_0/bsplib/lib -o "hello_world.elf"  ./src/hello_world.o   -Wl,--start-group,-lxil,-lgcc,-lc,--end-group
'Finished building target: hello_world.elf'
' '
'Invoking: ARM v7 Print Size'
arm-none-eabi-size hello_world.elf  |tee "hello_world.elf.size"
   text	   data	    bss	    dec	    hex	filename
  49635	   2548	  22632	  74815	  1243f	hello_world.elf
'Finished building: hello_world.elf.size'
' '
13:08:55 **** Build of configuration Debug for project hello_world_system ****
make all 
Generating bif file for the system project
generate_system_bif.bat 55202 C:/Users/schumae/Documents/vitisprj1/top_level_wrapper/export/top_level_wrapper/top_level_wrapper.xpfm standalone_ps7_cortexa9_0 C:/Users/schumae/Documents/vitisprj1/hello_world_system/Debug/system.bif
sdcard_gen --xpfm C:/Users/schumae/Documents/vitisprj1/top_level_wrapper/export/top_level_wrapper/top_level_wrapper.xpfm --sys_config top_level_wrapper --bif C:/Users/schumae/Documents/vitisprj1/hello_world_system/Debug/system.bif --bitstream C:/Users/schumae/Documents/vitisprj1/hello_world/_ide/bitstream/top_level_wrapper.bit --elf C:/Users/schumae/Documents/vitisprj1/hello_world/Debug/hello_world.elf,ps7_cortexa9_0
creating BOOT.BIN using C:/Users/schumae/Documents/vitisprj1/hello_world/_ide/bitstream/top_level_wrapper.bit
Error: platform file not found: C:/Users/schumae/Documents/vitisprj1/top_level_wrapper/export/top_level_wrapper/sw/top_level_wrapper/boot/fsbl.elf
Running C:/Xilinx/Vitis/2022.2/bin/bootgen  -image C:/Users/schumae/Documents/vitisprj1/hello_world_system/Debug/sd_card_temp/boot.bif -w -o i BOOT.BIN
[ERROR]  : Cannot read file - C:/Users/schumae/Documents/vitisprj1/top_level_wrapper/export/top_level_wrapper/sw/top_level_wrapper/boot/fsbl.elf
