13:08:52 **** Build of configuration Debug for project hello_world ****
make all 
make --no-print-directory pre-build
a9-linaro-pre-build-step
' '
make --no-print-directory main-build
'Building file: ../src/hello_world.c'
'Invoking: ARM v7 gcc compiler'
arm-none-eabi-gcc -Wall -O0 -g3 -c -fmessage-length=0 -MT"src/hello_world.o" -mcpu=cortex-a9 -mfpu=vfpv3 -mfloat-abi=hard -IC:/Users/schumae/Documents/vitisprj1/top_level_wrapper/export/top_level_wrapper/sw/top_level_wrapper/standalone_ps7_cortexa9_0/bspinclude/include -MMD -MP -MF"src/hello_world.d" -MT"src/hello_world.o" -o "src/hello_world.o" "../src/hello_world.c"
'Finished building: ../src/hello_world.c'
' '
'Building target: hello_world.elf'
'Invoking: ARM v7 gcc linker'
arm-none-eabi-gcc -mcpu=cortex-a9 -mfpu=vfpv3 -mfloat-abi=hard -Wl,-build-id=none -specs=Xilinx.spec -Wl,-T -Wl,../src/lscript.ld -LC:/Users/schumae/Documents/vitisprj1/top_level_wrapper/export/top_level_wrapper/sw/top_level_wrapper/standalone_ps7_cortexa9_0/bsplib/lib -o "hello_world.elf"  ./src/hello_world.o   -Wl,--start-group,-lxil,-lgcc,-lc,--end-group
'Finished building target: hello_world.elf'
' '
'Invoking: ARM v7 Print Size'
arm-none-eabi-size hello_world.elf  |tee "hello_world.elf.size"
   text	   data	    bss	    dec	    hex	filename
  49635	   2548	  22632	  74815	  1243f	hello_world.elf
'Finished building: hello_world.elf.size'
' '

13:08:54 Build Finished (took 2s.16ms)

